
> e-tools@0.0.0 build
> vite build

- Building production bundle...

[vite] Build errored out.
Error: 'Calculator' is not exported by node_modules/@element-plus/icons-vue/dist/index.js, imported by src/App.vue?vue&type=script&lang.js
    at error (/Users/andy/workspace/e-tools/node_modules/rollup/dist/shared/rollup.js:198:30)
    at Module.error (/Users/andy/workspace/e-tools/node_modules/rollup/dist/shared/rollup.js:12567:16)
    at Module.traceVariable (/Users/andy/workspace/e-tools/node_modules/rollup/dist/shared/rollup.js:12926:29)
    at ModuleScope.findVariable (/Users/andy/workspace/e-tools/node_modules/rollup/dist/shared/rollup.js:11578:39)
    at Identifier.bind (/Users/andy/workspace/e-tools/node_modules/rollup/dist/shared/rollup.js:7577:40)
    at Property.bind (/Users/andy/workspace/e-tools/node_modules/rollup/dist/shared/rollup.js:5407:23)
    at ObjectExpression.bind (/Users/andy/workspace/e-tools/node_modules/rollup/dist/shared/rollup.js:5403:73)
    at Property.bind (/Users/andy/workspace/e-tools/node_modules/rollup/dist/shared/rollup.js:5407:23)
    at ObjectExpression.bind (/Users/andy/workspace/e-tools/node_modules/rollup/dist/shared/rollup.js:5403:73)
    at ExportDefaultDeclaration.bind (/Users/andy/workspace/e-tools/node_modules/rollup/dist/shared/rollup.js:5407:23) {
  code: 'MISSING_EXPORT',
  url: 'https://rollupjs.org/guide/en/#error-name-is-not-exported-by-module',
  id: '/Users/andy/workspace/e-tools/src/App.vue?vue&type=script&lang.js',
  pos: 97,
  loc: {
    column: 36,
    file: '/Users/andy/workspace/e-tools/src/App.vue?vue&type=script&lang.js',
    line: 3
  },
  frame: '1: \n' +
    "2: import { ref, computed, onMounted, onUnmounted } from 'vue'\n" +
    "3: import { DataBoard, List, Notebook, Calculator, TrendCharts } from '@element-plus/icons-vue'\n" +
    '                                       ^\n' +
    "4: import StockWatchlist from './components/StockWatchlist.vue'\n" +
    "5: import CompoundCalculator from './components/CompoundCalculator.vue'",
  watchFiles: [
    '/Users/andy/workspace/e-tools/index.html',
    '/Users/andy/workspace/e-tools/src/main.js',
    '/Users/andy/workspace/e-tools/node_modules/@vue/runtime-dom/dist/runtime-dom.esm-bundler.js',
    '/Users/andy/workspace/e-tools/node_modules/@vue/runtime-core/dist/runtime-core.esm-bundler.js',
    '/Users/andy/workspace/e-tools/node_modules/@vue/shared/dist/shared.esm-bundler.js',
    '/Users/andy/workspace/e-tools/node_modules/@vue/reactivity/dist/reactivity.esm-bundler.js',
    '/Users/andy/workspace/e-tools/src/index.css',
    '/Users/andy/workspace/e-tools/src/App.vue',
    '/Users/andy/workspace/e-tools/src/App.vue?vue&type=script&lang.js',
    '/Users/andy/workspace/e-tools/src/App.vue?vue&type=template&id=bc5f56ce&lang.js',
    '/Users/andy/workspace/e-tools/src/App.vue?vue&type=style&index=0&id=bc5f56ce&lang.css',
    '/Users/andy/workspace/e-tools/node_modules/element-plus/dist/index.css',
    '/Users/andy/workspace/e-tools/node_modules/element-plus/es/index.mjs',
    '/Users/andy/workspace/e-tools/node_modules/element-plus/theme-chalk/dark/css-vars.css',
    '/Users/andy/workspace/e-tools/src/components/StockWatchlist.vue',
    '/Users/andy/workspace/e-tools/src/components/DailyReview.vue',
    '/Users/andy/workspace/e-tools/src/components/ValuationEstimator.vue',
    '/Users/andy/workspace/e-tools/src/components/CompoundCalculator.vue',
    '/Users/andy/workspace/e-tools/src/api/stocks.js',
    '/Users/andy/workspace/e-tools/node_modules/@element-plus/icons-vue/dist/index.js',
    '/Users/andy/workspace/e-tools/src/components/StockWatchlist.vue?vue&type=script&lang.js',
    '/Users/andy/workspace/e-tools/src/components/StockWatchlist.vue?vue&type=template&id=94cacb1a&lang.js',
    '/Users/andy/workspace/e-tools/src/components/StockWatchlist.vue?vue&type=style&index=0&id=94cacb1a&scoped=true&lang.css',
    '/Users/andy/workspace/e-tools/src/components/DailyReview.vue?vue&type=script&lang.js',
    '/Users/andy/workspace/e-tools/src/components/DailyReview.vue?vue&type=template&id=6f2c2fe2&lang.js',
    '/Users/andy/workspace/e-tools/src/components/DailyReview.vue?vue&type=style&index=0&id=6f2c2fe2&scoped=true&lang.css',
    '/Users/andy/workspace/e-tools/src/components/ValuationEstimator.vue?vue&type=script&lang.js',
    '/Users/andy/workspace/e-tools/src/components/ValuationEstimator.vue?vue&type=template&id=4e208a76&lang.js',
    '/Users/andy/workspace/e-tools/src/components/ValuationEstimator.vue?vue&type=style&index=0&id=4e208a76&scoped=true&lang.css',
    '/Users/andy/workspace/e-tools/src/components/CompoundCalculator.vue?vue&type=script&lang.js',
    '/Users/andy/workspace/e-tools/src/components/CompoundCalculator.vue?vue&type=template&id=549daa0f&lang.js',
    '/Users/andy/workspace/e-tools/src/components/CompoundCalculator.vue?vue&type=style&index=0&id=549daa0f&scoped=true&lang.css',
    '/Users/andy/workspace/e-tools/node_modules/element-plus/es/defaults.mjs',
    '/Users/andy/workspace/e-tools/node_modules/element-plus/es/make-installer.mjs',
    '/Users/andy/workspace/e-tools/node_modules/element-plus/es/constants/aria.mjs',
    '/Users/andy/workspace/e-tools/node_modules/element-plus/es/constants/event.mjs',
    '/Users/andy/workspace/e-tools/node_modules/element-plus/es/constants/size.mjs',
    '/Users/andy/workspace/e-tools/node_modules/element-plus/es/constants/form.mjs',
    '/Users/andy/workspace/e-tools/node_modules/element-plus/es/constants/key.mjs',
    '/Users/andy/workspace/e-tools/node_modules/element-plus/es/constants/date.mjs',
    '/Users/andy/workspace/e-tools/node_modules/element-plus/es/constants/column-alignment.mjs',
    '/Users/andy/workspace/e-tools/node_modules/element-plus/es/hooks/use-attrs/index.mjs',
    '/Users/andy/workspace/e-tools/node_modules/element-plus/es/hooks/use-draggable/index.mjs',
    '/Users/andy/workspace/e-tools/node_modules/element-plus/es/hooks/use-calc-input-width/index.mjs',
    '/Users/andy/workspace/e-tools/node_modules/element-plus/es/hooks/use-focus/index.mjs',
    '/Users/andy/workspace/e-tools/node_modules/element-plus/es/hooks/use-popper/index.mjs',
    '/Users/andy/workspace/e-tools/node_modules/element-plus/es/hooks/use-deprecated/index.mjs',
    '/Users/andy/workspace/e-tools/node_modules/element-plus/es/hooks/use-lockscreen/index.mjs',
    '/Users/andy/workspace/e-tools/node_modules/element-plus/es/hooks/use-locale/index.mjs',
    '/Users/andy/workspace/e-tools/node_modules/element-plus/es/hooks/use-prevent-global/index.mjs',
    '/Users/andy/workspace/e-tools/node_modules/element-plus/es/hooks/use-timeout/index.mjs',
    '/Users/andy/workspace/e-tools/node_modules/element-plus/es/hooks/use-same-target/index.mjs',
    '/Users/andy/workspace/e-tools/node_modules/element-plus/es/hooks/use-modal/index.mjs',
    '/Users/andy/workspace/e-tools/node_modules/element-plus/es/hooks/use-model-toggle/index.mjs',
    '/Users/andy/workspace/e-tools/node_modules/element-plus/es/hooks/use-teleport/index.mjs',
    '/Users/andy/workspace/e-tools/node_modules/element-plus/es/hooks/use-prop/index.mjs',
    '/Users/andy/workspace/e-tools/node_modules/element-plus/es/hooks/use-namespace/index.mjs',
    '/Users/andy/workspace/e-tools/node_modules/element-plus/es/hooks/use-escape-keydown/index.mjs',
    '/Users/andy/workspace/e-tools/node_modules/element-plus/es/hooks/use-delayed-toggle/index.mjs',
    '/Users/andy/workspace/e-tools/node_modules/element-plus/es/hooks/use-throttle-render/index.mjs',
    '/Users/andy/workspace/e-tools/node_modules/element-plus/es/hooks/use-id/index.mjs',
    '/Users/andy/workspace/e-tools/node_modules/element-plus/es/hooks/use-cursor/index.mjs',
    '/Users/andy/workspace/e-tools/node_modules/element-plus/es/hooks/use-focus-controller/index.mjs',
    '/Users/andy/workspace/e-tools/node_modules/element-plus/es/hooks/use-floating/index.mjs',
    '/Users/andy/workspace/e-tools/node_modules/element-plus/es/hooks/use-intermediate-render/index.mjs',
    '/Users/andy/workspace/e-tools/node_modules/element-plus/es/hooks/use-z-index/index.mjs',
    '/Users/andy/workspace/e-tools/node_modules/element-plus/es/hooks/use-forward-ref/index.mjs',
    '/Users/andy/workspace/e-tools/node_modules/element-plus/es/hooks/use-size/index.mjs',
    '/Users/andy/workspace/e-tools/node_modules/element-plus/es/hooks/use-popper-container/index.mjs',
    '/Users/andy/workspace/e-tools/node_modules/element-plus/es/hooks/use-composition/index.mjs',
    '/Users/andy/workspace/e-tools/node_modules/element-plus/es/hooks/use-empty-values/index.mjs',
    '/Users/andy/workspace/e-tools/node_modules/element-plus/es/hooks/use-aria/index.mjs',
    '/Users/andy/workspace/e-tools/node_modules/element-plus/es/hooks/use-ordered-children/index.mjs',
    '/Users/andy/workspace/e-tools/node_modules/element-plus/es/components/tooltip/index.mjs',
    '/Users/andy/workspace/e-tools/node_modules/element-plus/es/hooks/use-transition-fallthrough/index.mjs',
    '/Users/andy/workspace/e-tools/node_modules/element-plus/es/components/icon/index.mjs',
    '/Users/andy/workspace/e-tools/node_modules/element-plus/es/components/alert/index.mjs',
    '/Users/andy/workspace/e-tools/node_modules/element-plus/es/components/autocomplete/index.mjs',
    '/Users/andy/workspace/e-tools/node_modules/element-plus/es/components/affix/index.mjs',
    '/Users/andy/workspace/e-tools/node_modules/element-plus/es/components/input/index.mjs',
    '/Users/andy/workspace/e-tools/node_modules/element-plus/es/components/scrollbar/index.mjs',
    '/Users/andy/workspace/e-tools/node_modules/element-plus/es/components/config-provider/index.mjs',
    '/Users/andy/workspace/e-tools/node_modules/element-plus/es/components/tag/index.mjs',
    '/Users/andy/workspace/e-tools/node_modules/element-plus/es/components/form/index.mjs',
    '/Users/andy/workspace/e-tools/node_modules/element-plus/es/components/calendar/index.mjs',
    '/Users/andy/workspace/e-tools/node_modules/element-plus/es/components/popper/index.mjs',
    '/Users/andy/workspace/e-tools/node_modules/element-plus/es/components/avatar/index.mjs',
    '/Users/andy/workspace/e-tools/node_modules/element-plus/es/components/breadcrumb/index.mjs',
    '/Users/andy/workspace/e-tools/node_modules/element-plus/es/components/select/index.mjs',
    '/Users/andy/workspace/e-tools/node_modules/element-plus/es/components/carousel/index.mjs',
    '/Users/andy/workspace/e-tools/node_modules/element-plus/es/components/radio/index.mjs',
    '/Users/andy/workspace/e-tools/node_modules/element-plus/es/components/time-picker/index.mjs',
    '/Users/andy/workspace/e-tools/node_modules/element-plus/es/components/backtop/index.mjs',
    '/Users/andy/workspace/e-tools/node_modules/element-plus/es/components/cascader-panel/index.mjs',
    '/Users/andy/workspace/e-tools/node_modules/element-plus/es/components/checkbox/index.mjs',
    '/Users/andy/workspace/e-tools/node_modules/element-plus/es/components/badge/index.mjs',
    '/Users/andy/workspace/e-tools/node_modules/element-plus/es/components/color-picker/index.mjs',
    '/Users/andy/workspace/e-tools/node_modules/element-plus/es/components/collapse-transition/index.mjs',
    '/Users/andy/workspace/e-tools/node_modules/element-plus/es/components/button/index.mjs',
    '/Users/andy/workspace/e-tools/node_modules/element-plus/es/components/row/index.mjs',
    ... 852 more items
  ]
}
